// Jest Snapshot v1, https://goo.gl/fbAQLP

exports[`EmptyState should render 1`] = `
.c0 {
  box-sizing: border-box;
  width: 100%;
  display: -webkit-box;
  display: -webkit-flex;
  display: -ms-flexbox;
  display: flex;
  -webkit-flex-direction: column;
  -ms-flex-direction: column;
  flex-direction: column;
  -webkit-align-items: center;
  -webkit-box-align: center;
  -ms-flex-align: center;
  align-items: center;
  -webkit-box-pack: center;
  -webkit-justify-content: center;
  -ms-flex-pack: center;
  justify-content: center;
}

.c1 {
  margin-top: 16px;
  color: disabled;
  font-weight: 500;
  font-size: 21px;
  font-display: fallback;
}

@media screen and (min-width:40em) {
  .c1 {
    font-size: 21px;
  }
}

@media screen and (min-width:52em) {
  .c1 {
    font-size: 20px;
  }
}

@media screen and (min-width:64em) {
  .c1 {
    font-size: 20px;
  }
}

<div
  class="c0"
>
  <label
    class="c1"
    color="disabled"
    font-size="21px,21px,20px,20px"
    font-weight="500"
    mt="3"
    tag="label"
    type="title"
  >
    
  </label>
</div>
`;
